// Jest Snapshot v1, https://goo.gl/fbAQLP

exports[`renders display view correctly 1`] = `
<View>
  <View
    style={
      Object {
        "backgroundColor": "white",
        "borderRadius": 12,
        "height": 120,
        "marginBottom": 20,
        "marginLeft": "10%",
        "marginTop": 20,
        "width": "80%",
      }
    }
    testID="ticketContainer"
  >
    <Text
      style={
        Object {
          "fontSize": 20,
          "fontWeight": "bold",
        }
      }
    >
      Location: Apt. 
      316
      , 
      Whispering Pines
       
      

    </Text>
    <Text
      style={
        Object {
          "fontSize": 18,
        }
      }
    >
      <Text
        testID="status"
      >
        Status: Open
      </Text>
        |  
      <Text
        testID="emergency"
      >
        Level: Normal
      </Text>
        |
      

    </Text>
    <Text
      style={
        Object {
          "fontSize": 14,
          "textAlign": "right",
        }
      }
    >
      <Text
        testID="ticket_number"
      >
        Ticket ID #
        99999
      </Text>
    </Text>
    <Text
      style={
        Object {
          "fontSize": 14,
          "textAlign": "right",
        }
      }
    >
      Submitted: 
      12/31/1969 6:00:00 PM
    </Text>
  </View>
  <View
    style={
      Object {
        "alignSelf": "auto",
        "width": 400,
      }
    }
  >
    <View
      accessibilityLabel="Edit Ticket Button"
      accessibilityRole="button"
      accessibilityState={Object {}}
      accessible={true}
      focusable={true}
      onClick={[Function]}
      onResponderGrant={[Function]}
      onResponderMove={[Function]}
      onResponderRelease={[Function]}
      onResponderTerminate={[Function]}
      onResponderTerminationRequest={[Function]}
      onStartShouldSetResponder={[Function]}
      style={
        Object {
          "opacity": 1,
        }
      }
    >
      <View
        style={
          Array [
            Object {},
          ]
        }
      >
        <Text
          style={
            Array [
              Object {
                "color": "#007AFF",
                "fontSize": 18,
                "margin": 8,
                "textAlign": "center",
              },
            ]
          }
        >
          Edit Ticket
        </Text>
      </View>
    </View>
  </View>
  <View
    style={
      Object {
        "alignSelf": "auto",
        "width": 400,
      }
    }
  >
    <View
      accessibilityLabel="Edit Ticket Button"
      accessibilityRole="button"
      accessibilityState={Object {}}
      accessible={true}
      focusable={true}
      onClick={[Function]}
      onResponderGrant={[Function]}
      onResponderMove={[Function]}
      onResponderRelease={[Function]}
      onResponderTerminate={[Function]}
      onResponderTerminationRequest={[Function]}
      onStartShouldSetResponder={[Function]}
      style={
        Object {
          "opacity": 1,
        }
      }
    >
      <View
        style={
          Array [
            Object {},
          ]
        }
      >
        <Text
          style={
            Array [
              Object {
                "color": "#007AFF",
                "fontSize": 18,
                "margin": 8,
                "textAlign": "center",
              },
            ]
          }
        >
          Show Ticket List
        </Text>
      </View>
    </View>
  </View>
</View>
`;

exports[`renders ticket edit view correctly 1`] = `
<View>
  <View
    style={
      Object {
        "backgroundColor": "white",
        "borderRadius": 12,
        "height": 120,
        "marginBottom": 20,
        "marginLeft": "10%",
        "marginTop": 20,
        "width": "80%",
      }
    }
    testID="ticketContainer"
  >
    <Text
      style={
        Object {
          "fontSize": 20,
          "fontWeight": "bold",
        }
      }
    >
      Location: Apt. 
      316
      , 
      Whispering Pines
       
      

    </Text>
    <Text
      style={
        Object {
          "fontSize": 18,
        }
      }
    >
      <Text
        testID="status"
      >
        Status: Open
      </Text>
        |  
      <Text
        testID="emergency"
      >
        Level: Normal
      </Text>
        |
      

    </Text>
    <Text
      style={
        Object {
          "fontSize": 14,
          "textAlign": "right",
        }
      }
    >
      <Text
        testID="ticket_number"
      >
        Ticket ID #
        99999
      </Text>
    </Text>
    <Text
      style={
        Object {
          "fontSize": 14,
          "textAlign": "right",
        }
      }
    >
      Submitted: 
      12/31/1969 6:00:00 PM
    </Text>
  </View>
  <View
    style={
      Object {
        "alignSelf": "auto",
        "width": 400,
      }
    }
  >
    <View
      accessibilityLabel="Edit Ticket Button"
      accessibilityRole="button"
      accessibilityState={Object {}}
      accessible={true}
      focusable={true}
      onClick={[Function]}
      onResponderGrant={[Function]}
      onResponderMove={[Function]}
      onResponderRelease={[Function]}
      onResponderTerminate={[Function]}
      onResponderTerminationRequest={[Function]}
      onStartShouldSetResponder={[Function]}
      style={
        Object {
          "opacity": 1,
        }
      }
    >
      <View
        style={
          Array [
            Object {},
          ]
        }
      >
        <Text
          style={
            Array [
              Object {
                "color": "#007AFF",
                "fontSize": 18,
                "margin": 8,
                "textAlign": "center",
              },
            ]
          }
        >
          Edit Ticket
        </Text>
      </View>
    </View>
  </View>
  <View
    style={
      Object {
        "alignSelf": "auto",
        "width": 400,
      }
    }
  >
    <View
      accessibilityLabel="Edit Ticket Button"
      accessibilityRole="button"
      accessibilityState={Object {}}
      accessible={true}
      focusable={true}
      onClick={[Function]}
      onResponderGrant={[Function]}
      onResponderMove={[Function]}
      onResponderRelease={[Function]}
      onResponderTerminate={[Function]}
      onResponderTerminationRequest={[Function]}
      onStartShouldSetResponder={[Function]}
      style={
        Object {
          "opacity": 1,
        }
      }
    >
      <View
        style={
          Array [
            Object {},
          ]
        }
      >
        <Text
          style={
            Array [
              Object {
                "color": "#007AFF",
                "fontSize": 18,
                "margin": 8,
                "textAlign": "center",
              },
            ]
          }
        >
          Show Ticket List
        </Text>
      </View>
    </View>
  </View>
</View>
`;
